// Jest Snapshot v1, https://goo.gl/fbAQLP

exports[`auditDeprecatedTags document does not have any deprecated tags 1`] = `
Object {
  "errors": Array [],
  "logs": Array [
    "Document does not have deprecated tags",
  ],
  "name": "deprecated elements in dom",
  "tables": undefined,
}
`;

exports[`auditDeprecatedTags document has some deprecated tags 1`] = `
Object {
  "errors": Array [
    "Document has some deprecated tag",
  ],
  "logs": Array [],
  "name": "deprecated elements in dom",
  "tables": Array [
    Object {
      "content": Object {
        "content": 1,
        "dir": 1,
      },
    },
  ],
}
`;
